Archive member included to satisfy reference by file (symbol)

c:/program files/microchip/xc8/v2.31/avr/bin/../lib/gcc/avr/5.4.0/../../../../avr/lib/avr6/memx-const\libm.a(addsf3.o)
                              main.o (__subsf3)
c:/program files/microchip/xc8/v2.31/avr/bin/../lib/gcc/avr/5.4.0/../../../../avr/lib/avr6/memx-const\libm.a(addsf3x.o)
                              c:/program files/microchip/xc8/v2.31/avr/bin/../lib/gcc/avr/5.4.0/../../../../avr/lib/avr6/memx-const\libm.a(addsf3.o) (__addsf3x)
c:/program files/microchip/xc8/v2.31/avr/bin/../lib/gcc/avr/5.4.0/../../../../avr/lib/avr6/memx-const\libm.a(atan2.o)
                              main.o (atan2)
c:/program files/microchip/xc8/v2.31/avr/bin/../lib/gcc/avr/5.4.0/../../../../avr/lib/avr6/memx-const\libm.a(atan.o)
                              c:/program files/microchip/xc8/v2.31/avr/bin/../lib/gcc/avr/5.4.0/../../../../avr/lib/avr6/memx-const\libm.a(atan2.o) (atan)
c:/program files/microchip/xc8/v2.31/avr/bin/../lib/gcc/avr/5.4.0/../../../../avr/lib/avr6/memx-const\libm.a(divsf3.o)
                              main.o (__divsf3)
c:/program files/microchip/xc8/v2.31/avr/bin/../lib/gcc/avr/5.4.0/../../../../avr/lib/avr6/memx-const\libm.a(divsf3x.o)
                              c:/program files/microchip/xc8/v2.31/avr/bin/../lib/gcc/avr/5.4.0/../../../../avr/lib/avr6/memx-const\libm.a(divsf3.o) (__divsf3x)
c:/program files/microchip/xc8/v2.31/avr/bin/../lib/gcc/avr/5.4.0/../../../../avr/lib/avr6/memx-const\libm.a(floatsisf.o)
                              main.o (__floatsisf)
c:/program files/microchip/xc8/v2.31/avr/bin/../lib/gcc/avr/5.4.0/../../../../avr/lib/avr6/memx-const\libm.a(fp_inf.o)
                              c:/program files/microchip/xc8/v2.31/avr/bin/../lib/gcc/avr/5.4.0/../../../../avr/lib/avr6/memx-const\libm.a(addsf3x.o) (__fp_inf)
c:/program files/microchip/xc8/v2.31/avr/bin/../lib/gcc/avr/5.4.0/../../../../avr/lib/avr6/memx-const\libm.a(fp_nan.o)
                              c:/program files/microchip/xc8/v2.31/avr/bin/../lib/gcc/avr/5.4.0/../../../../avr/lib/avr6/memx-const\libm.a(addsf3x.o) (__fp_nan)
c:/program files/microchip/xc8/v2.31/avr/bin/../lib/gcc/avr/5.4.0/../../../../avr/lib/avr6/memx-const\libm.a(fp_powser.o)
                              c:/program files/microchip/xc8/v2.31/avr/bin/../lib/gcc/avr/5.4.0/../../../../avr/lib/avr6/memx-const\libm.a(atan.o) (__fp_powser)
c:/program files/microchip/xc8/v2.31/avr/bin/../lib/gcc/avr/5.4.0/../../../../avr/lib/avr6/memx-const\libm.a(fp_pscA.o)
                              c:/program files/microchip/xc8/v2.31/avr/bin/../lib/gcc/avr/5.4.0/../../../../avr/lib/avr6/memx-const\libm.a(addsf3x.o) (__fp_pscA)
c:/program files/microchip/xc8/v2.31/avr/bin/../lib/gcc/avr/5.4.0/../../../../avr/lib/avr6/memx-const\libm.a(fp_pscB.o)
                              c:/program files/microchip/xc8/v2.31/avr/bin/../lib/gcc/avr/5.4.0/../../../../avr/lib/avr6/memx-const\libm.a(addsf3x.o) (__fp_pscB)
c:/program files/microchip/xc8/v2.31/avr/bin/../lib/gcc/avr/5.4.0/../../../../avr/lib/avr6/memx-const\libm.a(fp_round.o)
                              c:/program files/microchip/xc8/v2.31/avr/bin/../lib/gcc/avr/5.4.0/../../../../avr/lib/avr6/memx-const\libm.a(addsf3.o) (__fp_round)
c:/program files/microchip/xc8/v2.31/avr/bin/../lib/gcc/avr/5.4.0/../../../../avr/lib/avr6/memx-const\libm.a(fp_split3.o)
                              c:/program files/microchip/xc8/v2.31/avr/bin/../lib/gcc/avr/5.4.0/../../../../avr/lib/avr6/memx-const\libm.a(addsf3x.o) (__fp_split3)
c:/program files/microchip/xc8/v2.31/avr/bin/../lib/gcc/avr/5.4.0/../../../../avr/lib/avr6/memx-const\libm.a(fp_zero.o)
                              c:/program files/microchip/xc8/v2.31/avr/bin/../lib/gcc/avr/5.4.0/../../../../avr/lib/avr6/memx-const\libm.a(addsf3x.o) (__fp_zero)
c:/program files/microchip/xc8/v2.31/avr/bin/../lib/gcc/avr/5.4.0/../../../../avr/lib/avr6/memx-const\libm.a(inverse.o)
                              c:/program files/microchip/xc8/v2.31/avr/bin/../lib/gcc/avr/5.4.0/../../../../avr/lib/avr6/memx-const\libm.a(atan.o) (inverse)
c:/program files/microchip/xc8/v2.31/avr/bin/../lib/gcc/avr/5.4.0/../../../../avr/lib/avr6/memx-const\libm.a(mulsf3.o)
                              main.o (__mulsf3)
c:/program files/microchip/xc8/v2.31/avr/bin/../lib/gcc/avr/5.4.0/../../../../avr/lib/avr6/memx-const\libm.a(mulsf3x.o)
                              c:/program files/microchip/xc8/v2.31/avr/bin/../lib/gcc/avr/5.4.0/../../../../avr/lib/avr6/memx-const\libm.a(atan.o) (__mulsf3x)
c:/program files/microchip/xc8/v2.31/avr/bin/../lib/gcc/avr/5.4.0/../../../../avr/lib/avr6/memx-const\libm.a(sqrt.o)
                              main.o (sqrt)
c:/program files/microchip/xc8/v2.31/avr/bin/../lib/gcc/avr/5.4.0/../../../../avr/lib/avr6/memx-const\libm.a(square.o)
                              c:/program files/microchip/xc8/v2.31/avr/bin/../lib/gcc/avr/5.4.0/../../../../avr/lib/avr6/memx-const\libm.a(atan.o) (square)
c:/program files/microchip/xc8/v2.31/avr/bin/../lib/gcc/avr/5.4.0/../../../../avr/lib/avr6/memx-const\libm.a(fp_mpack.o)
                              c:/program files/microchip/xc8/v2.31/avr/bin/../lib/gcc/avr/5.4.0/../../../../avr/lib/avr6/memx-const\libm.a(sqrt.o) (__fp_mpack)
c:/program files/microchip/xc8/v2.31/avr/bin/../lib/gcc/avr/5.4.0/../../../../avr/lib/avr6/memx-const\libm.a(fp_norm2.o)
                              c:/program files/microchip/xc8/v2.31/avr/bin/../lib/gcc/avr/5.4.0/../../../../avr/lib/avr6/memx-const\libm.a(sqrt.o) (__fp_norm2)
c:/program files/microchip/xc8/v2.31/avr/bin/../lib/gcc/avr/5.4.0/avr6/memx-const\libgcc.a(_divmodhi4.o)
                              externInt.o (__divmodhi4)
c:/program files/microchip/xc8/v2.31/avr/bin/../lib/gcc/avr/5.4.0/avr6/memx-const\libgcc.a(_exit.o)
                              C:/Program Files (x86)/Atmel/Studio/7.0/Packs/atmel/ATmega_DFP/1.6.364/xc8/avr/lib/avr6/memx-const/crtatmega2560.o (exit)
c:/program files/microchip/xc8/v2.31/avr/bin/../lib/gcc/avr/5.4.0/avr6/memx-const\libgcc.a(_copy_data.o)
                              ssd1306.o (__do_copy_data)
c:/program files/microchip/xc8/v2.31/avr/bin/../lib/gcc/avr/5.4.0/avr6/memx-const\libgcc.a(_movmemx.o)
                              main.o (__movmemx_qi)
c:/program files/microchip/xc8/v2.31/avr/bin/../lib/gcc/avr/5.4.0/avr6/memx-const\libgcc.a(_udivmodhi4.o)
                              c:/program files/microchip/xc8/v2.31/avr/bin/../lib/gcc/avr/5.4.0/avr6/memx-const\libgcc.a(_divmodhi4.o) (__udivmodhi4)
c:/program files/microchip/xc8/v2.31/avr/bin/../lib/gcc/avr/5.4.0/../../../../avr/lib/avr6/memx-const\libc.a(dtostrf.o)
                              main.o (dtostrf)
c:/program files/microchip/xc8/v2.31/avr/bin/../lib/gcc/avr/5.4.0/../../../../avr/lib/avr6/memx-const\libc.a(strlen_M.o)
                              ssd1306.o (strlen)
c:/program files/microchip/xc8/v2.31/avr/bin/../lib/gcc/avr/5.4.0/../../../../avr/lib/avr6/memx-const\libc.a(dtoa_prf.o)
                              c:/program files/microchip/xc8/v2.31/avr/bin/../lib/gcc/avr/5.4.0/../../../../avr/lib/avr6/memx-const\libc.a(dtostrf.o) (dtoa_prf)
c:/program files/microchip/xc8/v2.31/avr/bin/../lib/gcc/avr/5.4.0/../../../../avr/lib/avr6/memx-const\libc.a(ftoa_engine.o)
                              c:/program files/microchip/xc8/v2.31/avr/bin/../lib/gcc/avr/5.4.0/../../../../avr/lib/avr6/memx-const\libc.a(dtoa_prf.o) (__ftoa_engine)
c:/program files/microchip/xc8/v2.31/avr/bin/../lib/gcc/avr/5.4.0/avr6/memx-const\libgcc.a(_xload_1.o)
                              c:/program files/microchip/xc8/v2.31/avr/bin/../lib/gcc/avr/5.4.0/../../../../avr/lib/avr6/memx-const\libc.a(strlen_M.o) (__xload_1)

Allocating common symbols
Common symbol       size              file

read_addres         0x1               I2C.o
state               0x1               main.o
write_address       0x1               I2C.o

Discarded input sections

 .data          0x0000000000000000        0x0 C:/Program Files (x86)/Atmel/Studio/7.0/Packs/atmel/ATmega_DFP/1.6.364/xc8/avr/lib/avr6/memx-const/crtatmega2560.o
 .bss           0x0000000000000000        0x0 C:/Program Files (x86)/Atmel/Studio/7.0/Packs/atmel/ATmega_DFP/1.6.364/xc8/avr/lib/avr6/memx-const/crtatmega2560.o
 .text          0x0000000000000000        0x0 ADC.o
 .data          0x0000000000000000        0x0 ADC.o
 .bss           0x0000000000000000        0x0 ADC.o
 .text.initFreeADC
                0x0000000000000000       0x46 ADC.o
 .text.initOverflowInt1ADC
                0x0000000000000000       0x4a ADC.o
 .text.initOverflowInt0ADC
                0x0000000000000000       0x4a ADC.o
 .text          0x0000000000000000        0x0 externInt.o
 .data          0x0000000000000000        0x0 externInt.o
 .bss           0x0000000000000000        0x0 externInt.o
 .text.enable_int2
                0x0000000000000000        0xe externInt.o
 .text.disable_int2
                0x0000000000000000       0x16 externInt.o
 .text.enable_int4
                0x0000000000000000        0xe externInt.o
 .text.disable_int4
                0x0000000000000000        0xe externInt.o
 .text.enable_int5
                0x0000000000000000        0xe externInt.o
 .text.disable_int5
                0x0000000000000000        0xe externInt.o
 .debug_info    0x0000000000000000      0x2fe externInt.o
 .debug_abbrev  0x0000000000000000       0x44 externInt.o
 .debug_aranges
                0x0000000000000000       0x48 externInt.o
 .debug_ranges  0x0000000000000000       0x38 externInt.o
 .debug_line    0x0000000000000000      0x117 externInt.o
 .debug_str     0x0000000000000000        0x0 externInt.o
 .comment       0x0000000000000000       0x30 externInt.o
 .debug_frame   0x0000000000000000       0x74 externInt.o
 .text          0x0000000000000000        0x0 I2C.o
 .data          0x0000000000000000        0x0 I2C.o
 .bss           0x0000000000000000        0x0 I2C.o
 .text.I2C_Repeated_Start
                0x0000000000000000       0x48 I2C.o
 .text.I2C_Read_Ack
                0x0000000000000000       0x14 I2C.o
 .text.I2C_Read_Nack
                0x0000000000000000       0x14 I2C.o
 COMMON         0x0000000000000000        0x2 I2C.o
 .text          0x0000000000000000        0x0 main.o
 .data          0x0000000000000000        0x0 main.o
 .bss           0x0000000000000000        0x0 main.o
 .text          0x0000000000000000        0x0 ssd1306.o
 .data          0x0000000000000000        0x0 ssd1306.o
 .bss           0x0000000000000000        0x0 ssd1306.o
 .text.ssd1306_data
                0x0000000000000000       0x28 ssd1306.o
 .text.setColAddress
                0x0000000000000000       0x14 ssd1306.o
 .text.setPageAddress
                0x0000000000000000       0x14 ssd1306.o
 .text.displayOn
                0x0000000000000000        0x8 ssd1306.o
 .text.displayOff
                0x0000000000000000        0x8 ssd1306.o
 .text.reset_display
                0x0000000000000000        0xe ssd1306.o
 .text.printBigNumber
                0x0000000000000000       0x9c ssd1306.o
 .text.printBigTime
                0x0000000000000000       0x64 ssd1306.o
 .text.sendCharXY
                0x0000000000000000       0x64 ssd1306.o
 .text.sendStr  0x0000000000000000       0x4c ssd1306.o
 .text.ssd1306_setpos
                0x0000000000000000       0x1c ssd1306.o
 .text.print_fonts
                0x0000000000000000       0x94 ssd1306.o
 .text.ssd1306_draw_bmp
                0x0000000000000000       0x7e ssd1306.o
 .text.invertDisplay
                0x0000000000000000       0x14 ssd1306.o
 .text.startscrollright
                0x0000000000000000       0x3e ssd1306.o
 .text.startscrollleft
                0x0000000000000000       0x3e ssd1306.o
 .text.startscrolldiagright
                0x0000000000000000       0x4a ssd1306.o
 .text.startscrolldiagleft
                0x0000000000000000       0x4a ssd1306.o
 .text.stopscroll
                0x0000000000000000        0x8 ssd1306.o
 .progmemx.data.myDregree
                0x0000000000000000        0x8 ssd1306.o
 .progmemx.data.minus
                0x0000000000000000       0x60 ssd1306.o
 .progmemx.data.bigNumbers
                0x0000000000000000      0x420 ssd1306.o
 .text          0x0000000000000000        0x0 timer.o
 .data          0x0000000000000000        0x0 timer.o
 .bss           0x0000000000000000        0x0 timer.o
 .text.initTimer3CTC
                0x0000000000000000       0x88 timer.o
 .text.initTimer4CTC
                0x0000000000000000       0x88 timer.o
 .text.initTimer1Overflow
                0x0000000000000000       0x7c timer.o
 .text.initTimer3Overflow
                0x0000000000000000       0x7c timer.o
 .text.initTimer4Overflow
                0x0000000000000000       0x7c timer.o
 .text          0x0000000000000000        0x0 uart.o
 .data          0x0000000000000000        0x0 uart.o
 .bss           0x0000000000000000        0x0 uart.o
 .text.initUsart1
                0x0000000000000000       0x2a uart.o
 .text.getChUSART1
                0x0000000000000000        0xe uart.o
 .text.putChUSART1
                0x0000000000000000        0xe uart.o
 .text.putStrUSART1
                0x0000000000000000       0x1a uart.o
 .text.initUsart0
                0x0000000000000000       0x2a uart.o
 .text.getChUSART0
                0x0000000000000000        0xe uart.o
 .text.putChUSART0
                0x0000000000000000        0xe uart.o
 .text.putStrUSART0
                0x0000000000000000       0x1a uart.o
 .debug_info    0x0000000000000000      0x3d0 uart.o
 .debug_abbrev  0x0000000000000000       0xc6 uart.o
 .debug_loc     0x0000000000000000       0xfa uart.o
 .debug_aranges
                0x0000000000000000       0x58 uart.o
 .debug_ranges  0x0000000000000000       0x48 uart.o
 .debug_line    0x0000000000000000      0x1bc uart.o
 .debug_str     0x0000000000000000        0x0 uart.o
 .comment       0x0000000000000000       0x30 uart.o
 .debug_frame   0x0000000000000000       0xac uart.o
 .text          0x0000000000000000        0x0 c:/program files/microchip/xc8/v2.31/avr/bin/../lib/gcc/avr/5.4.0/../../../../avr/lib/avr6/memx-const\libm.a(addsf3.o)
 .data          0x0000000000000000        0x0 c:/program files/microchip/xc8/v2.31/avr/bin/../lib/gcc/avr/5.4.0/../../../../avr/lib/avr6/memx-const\libm.a(addsf3.o)
 .bss           0x0000000000000000        0x0 c:/program files/microchip/xc8/v2.31/avr/bin/../lib/gcc/avr/5.4.0/../../../../avr/lib/avr6/memx-const\libm.a(addsf3.o)
 .text          0x0000000000000000        0x0 c:/program files/microchip/xc8/v2.31/avr/bin/../lib/gcc/avr/5.4.0/../../../../avr/lib/avr6/memx-const\libm.a(addsf3x.o)
 .data          0x0000000000000000        0x0 c:/program files/microchip/xc8/v2.31/avr/bin/../lib/gcc/avr/5.4.0/../../../../avr/lib/avr6/memx-const\libm.a(addsf3x.o)
 .bss           0x0000000000000000        0x0 c:/program files/microchip/xc8/v2.31/avr/bin/../lib/gcc/avr/5.4.0/../../../../avr/lib/avr6/memx-const\libm.a(addsf3x.o)
 .text          0x0000000000000000        0x0 c:/program files/microchip/xc8/v2.31/avr/bin/../lib/gcc/avr/5.4.0/../../../../avr/lib/avr6/memx-const\libm.a(atan2.o)
 .data          0x0000000000000000        0x0 c:/program files/microchip/xc8/v2.31/avr/bin/../lib/gcc/avr/5.4.0/../../../../avr/lib/avr6/memx-const\libm.a(atan2.o)
 .bss           0x0000000000000000        0x0 c:/program files/microchip/xc8/v2.31/avr/bin/../lib/gcc/avr/5.4.0/../../../../avr/lib/avr6/memx-const\libm.a(atan2.o)
 .text          0x0000000000000000        0x0 c:/program files/microchip/xc8/v2.31/avr/bin/../lib/gcc/avr/5.4.0/../../../../avr/lib/avr6/memx-const\libm.a(atan.o)
 .data          0x0000000000000000        0x0 c:/program files/microchip/xc8/v2.31/avr/bin/../lib/gcc/avr/5.4.0/../../../../avr/lib/avr6/memx-const\libm.a(atan.o)
 .bss           0x0000000000000000        0x0 c:/program files/microchip/xc8/v2.31/avr/bin/../lib/gcc/avr/5.4.0/../../../../avr/lib/avr6/memx-const\libm.a(atan.o)
 .text          0x0000000000000000        0x0 c:/program files/microchip/xc8/v2.31/avr/bin/../lib/gcc/avr/5.4.0/../../../../avr/lib/avr6/memx-const\libm.a(divsf3.o)
 .data          0x0000000000000000        0x0 c:/program files/microchip/xc8/v2.31/avr/bin/../lib/gcc/avr/5.4.0/../../../../avr/lib/avr6/memx-const\libm.a(divsf3.o)
 .bss           0x0000000000000000        0x0 c:/program files/microchip/xc8/v2.31/avr/bin/../lib/gcc/avr/5.4.0/../../../../avr/lib/avr6/memx-const\libm.a(divsf3.o)
 .text          0x0000000000000000        0x0 c:/program files/microchip/xc8/v2.31/avr/bin/../lib/gcc/avr/5.4.0/../../../../avr/lib/avr6/memx-const\libm.a(divsf3x.o)
 .data          0x0000000000000000        0x0 c:/program files/microchip/xc8/v2.31/avr/bin/../lib/gcc/avr/5.4.0/../../../../avr/lib/avr6/memx-const\libm.a(divsf3x.o)
 .bss           0x0000000000000000        0x0 c:/program files/microchip/xc8/v2.31/avr/bin/../lib/gcc/avr/5.4.0/../../../../avr/lib/avr6/memx-const\libm.a(divsf3x.o)
 .text          0x0000000000000000        0x0 c:/program files/microchip/xc8/v2.31/avr/bin/../lib/gcc/avr/5.4.0/../../../../avr/lib/avr6/memx-const\libm.a(floatsisf.o)
 .data          0x0000000000000000        0x0 c:/program files/microchip/xc8/v2.31/avr/bin/../lib/gcc/avr/5.4.0/../../../../avr/lib/avr6/memx-const\libm.a(floatsisf.o)
 .bss           0x0000000000000000        0x0 c:/program files/microchip/xc8/v2.31/avr/bin/../lib/gcc/avr/5.4.0/../../../../avr/lib/avr6/memx-const\libm.a(floatsisf.o)
 .text          0x0000000000000000        0x0 c:/program files/microchip/xc8/v2.31/avr/bin/../lib/gcc/avr/5.4.0/../../../../avr/lib/avr6/memx-const\libm.a(fp_inf.o)
 .data          0x0000000000000000        0x0 c:/program files/microchip/xc8/v2.31/avr/bin/../lib/gcc/avr/5.4.0/../../../../avr/lib/avr6/memx-const\libm.a(fp_inf.o)
 .bss           0x0000000000000000        0x0 c:/program files/microchip/xc8/v2.31/avr/bin/../lib/gcc/avr/5.4.0/../../../../avr/lib/avr6/memx-const\libm.a(fp_inf.o)
 .text          0x0000000000000000        0x0 c:/program files/microchip/xc8/v2.31/avr/bin/../lib/gcc/avr/5.4.0/../../../../avr/lib/avr6/memx-const\libm.a(fp_nan.o)
 .data          0x0000000000000000        0x0 c:/program files/microchip/xc8/v2.31/avr/bin/../lib/gcc/avr/5.4.0/../../../../avr/lib/avr6/memx-const\libm.a(fp_nan.o)
 .bss           0x0000000000000000        0x0 c:/program files/microchip/xc8/v2.31/avr/bin/../lib/gcc/avr/5.4.0/../../../../avr/lib/avr6/memx-const\libm.a(fp_nan.o)
 .text          0x0000000000000000        0x0 c:/program files/microchip/xc8/v2.31/avr/bin/../lib/gcc/avr/5.4.0/../../../../avr/lib/avr6/memx-const\libm.a(fp_powser.o)
 .data          0x0000000000000000        0x0 c:/program files/microchip/xc8/v2.31/avr/bin/../lib/gcc/avr/5.4.0/../../../../avr/lib/avr6/memx-const\libm.a(fp_powser.o)
 .bss           0x0000000000000000        0x0 c:/program files/microchip/xc8/v2.31/avr/bin/../lib/gcc/avr/5.4.0/../../../../avr/lib/avr6/memx-const\libm.a(fp_powser.o)
 .text          0x0000000000000000        0x0 c:/program files/microchip/xc8/v2.31/avr/bin/../lib/gcc/avr/5.4.0/../../../../avr/lib/avr6/memx-const\libm.a(fp_pscA.o)
 .data          0x0000000000000000        0x0 c:/program files/microchip/xc8/v2.31/avr/bin/../lib/gcc/avr/5.4.0/../../../../avr/lib/avr6/memx-const\libm.a(fp_pscA.o)
 .bss           0x0000000000000000        0x0 c:/program files/microchip/xc8/v2.31/avr/bin/../lib/gcc/avr/5.4.0/../../../../avr/lib/avr6/memx-const\libm.a(fp_pscA.o)
 .text          0x0000000000000000        0x0 c:/program files/microchip/xc8/v2.31/avr/bin/../lib/gcc/avr/5.4.0/../../../../avr/lib/avr6/memx-const\libm.a(fp_pscB.o)
 .data          0x0000000000000000        0x0 c:/program files/microchip/xc8/v2.31/avr/bin/../lib/gcc/avr/5.4.0/../../../../avr/lib/avr6/memx-const\libm.a(fp_pscB.o)
 .bss           0x0000000000000000        0x0 c:/program files/microchip/xc8/v2.31/avr/bin/../lib/gcc/avr/5.4.0/../../../../avr/lib/avr6/memx-const\libm.a(fp_pscB.o)
 .text          0x0000000000000000        0x0 c:/program files/microchip/xc8/v2.31/avr/bin/../lib/gcc/avr/5.4.0/../../../../avr/lib/avr6/memx-const\libm.a(fp_round.o)
 .data          0x0000000000000000        0x0 c:/program files/microchip/xc8/v2.31/avr/bin/../lib/gcc/avr/5.4.0/../../../../avr/lib/avr6/memx-const\libm.a(fp_round.o)
 .bss           0x0000000000000000        0x0 c:/program files/microchip/xc8/v2.31/avr/bin/../lib/gcc/avr/5.4.0/../../../../avr/lib/avr6/memx-const\libm.a(fp_round.o)
 .text          0x0000000000000000        0x0 c:/program files/microchip/xc8/v2.31/avr/bin/../lib/gcc/avr/5.4.0/../../../../avr/lib/avr6/memx-const\libm.a(fp_split3.o)
 .data          0x0000000000000000        0x0 c:/program files/microchip/xc8/v2.31/avr/bin/../lib/gcc/avr/5.4.0/../../../../avr/lib/avr6/memx-const\libm.a(fp_split3.o)
 .bss           0x0000000000000000        0x0 c:/program files/microchip/xc8/v2.31/avr/bin/../lib/gcc/avr/5.4.0/../../../../avr/lib/avr6/memx-const\libm.a(fp_split3.o)
 .text          0x0000000000000000        0x0 c:/program files/microchip/xc8/v2.31/avr/bin/../lib/gcc/avr/5.4.0/../../../../avr/lib/avr6/memx-const\libm.a(fp_zero.o)
 .data          0x0000000000000000        0x0 c:/program files/microchip/xc8/v2.31/avr/bin/../lib/gcc/avr/5.4.0/../../../../avr/lib/avr6/memx-const\libm.a(fp_zero.o)
 .bss           0x0000000000000000        0x0 c:/program files/microchip/xc8/v2.31/avr/bin/../lib/gcc/avr/5.4.0/../../../../avr/lib/avr6/memx-const\libm.a(fp_zero.o)
 .text          0x0000000000000000        0x0 c:/program files/microchip/xc8/v2.31/avr/bin/../lib/gcc/avr/5.4.0/../../../../avr/lib/avr6/memx-const\libm.a(inverse.o)
 .data          0x0000000000000000        0x0 c:/program files/microchip/xc8/v2.31/avr/bin/../lib/gcc/avr/5.4.0/../../../../avr/lib/avr6/memx-const\libm.a(inverse.o)
 .bss           0x0000000000000000        0x0 c:/program files/microchip/xc8/v2.31/avr/bin/../lib/gcc/avr/5.4.0/../../../../avr/lib/avr6/memx-const\libm.a(inverse.o)
 .text          0x0000000000000000        0x0 c:/program files/microchip/xc8/v2.31/avr/bin/../lib/gcc/avr/5.4.0/../../../../avr/lib/avr6/memx-const\libm.a(mulsf3.o)
 .data          0x0000000000000000        0x0 c:/program files/microchip/xc8/v2.31/avr/bin/../lib/gcc/avr/5.4.0/../../../../avr/lib/avr6/memx-const\libm.a(mulsf3.o)
 .bss           0x0000000000000000        0x0 c:/program files/microchip/xc8/v2.31/avr/bin/../lib/gcc/avr/5.4.0/../../../../avr/lib/avr6/memx-const\libm.a(mulsf3.o)
 .text          0x0000000000000000        0x0 c:/program files/microchip/xc8/v2.31/avr/bin/../lib/gcc/avr/5.4.0/../../../../avr/lib/avr6/memx-const\libm.a(mulsf3x.o)
 .data          0x0000000000000000        0x0 c:/program files/microchip/xc8/v2.31/avr/bin/../lib/gcc/avr/5.4.0/../../../../avr/lib/avr6/memx-const\libm.a(mulsf3x.o)
 .bss           0x0000000000000000        0x0 c:/program files/microchip/xc8/v2.31/avr/bin/../lib/gcc/avr/5.4.0/../../../../avr/lib/avr6/memx-const\libm.a(mulsf3x.o)
 .text          0x0000000000000000        0x0 c:/program files/microchip/xc8/v2.31/avr/bin/../lib/gcc/avr/5.4.0/../../../../avr/lib/avr6/memx-const\libm.a(sqrt.o)
 .data          0x0000000000000000        0x0 c:/program files/microchip/xc8/v2.31/avr/bin/../lib/gcc/avr/5.4.0/../../../../avr/lib/avr6/memx-const\libm.a(sqrt.o)
 .bss           0x0000000000000000        0x0 c:/program files/microchip/xc8/v2.31/avr/bin/../lib/gcc/avr/5.4.0/../../../../avr/lib/avr6/memx-const\libm.a(sqrt.o)
 .text          0x0000000000000000        0x0 c:/program files/microchip/xc8/v2.31/avr/bin/../lib/gcc/avr/5.4.0/../../../../avr/lib/avr6/memx-const\libm.a(square.o)
 .data          0x0000000000000000        0x0 c:/program files/microchip/xc8/v2.31/avr/bin/../lib/gcc/avr/5.4.0/../../../../avr/lib/avr6/memx-const\libm.a(square.o)
 .bss           0x0000000000000000        0x0 c:/program files/microchip/xc8/v2.31/avr/bin/../lib/gcc/avr/5.4.0/../../../../avr/lib/avr6/memx-const\libm.a(square.o)
 .text          0x0000000000000000        0x0 c:/program files/microchip/xc8/v2.31/avr/bin/../lib/gcc/avr/5.4.0/../../../../avr/lib/avr6/memx-const\libm.a(fp_mpack.o)
 .data          0x0000000000000000        0x0 c:/program files/microchip/xc8/v2.31/avr/bin/../lib/gcc/avr/5.4.0/../../../../avr/lib/avr6/memx-const\libm.a(fp_mpack.o)
 .bss           0x0000000000000000        0x0 c:/program files/microchip/xc8/v2.31/avr/bin/../lib/gcc/avr/5.4.0/../../../../avr/lib/avr6/memx-const\libm.a(fp_mpack.o)
 .text          0x0000000000000000        0x0 c:/program files/microchip/xc8/v2.31/avr/bin/../lib/gcc/avr/5.4.0/../../../../avr/lib/avr6/memx-const\libm.a(fp_norm2.o)
 .data          0x0000000000000000        0x0 c:/program files/microchip/xc8/v2.31/avr/bin/../lib/gcc/avr/5.4.0/../../../../avr/lib/avr6/memx-const\libm.a(fp_norm2.o)
 .bss           0x0000000000000000        0x0 c:/program files/microchip/xc8/v2.31/avr/bin/../lib/gcc/avr/5.4.0/../../../../avr/lib/avr6/memx-const\libm.a(fp_norm2.o)
 .text          0x0000000000000000        0x0 c:/program files/microchip/xc8/v2.31/avr/bin/../lib/gcc/avr/5.4.0/avr6/memx-const\libgcc.a(_divmodhi4.o)
 .data          0x0000000000000000        0x0 c:/program files/microchip/xc8/v2.31/avr/bin/../lib/gcc/avr/5.4.0/avr6/memx-const\libgcc.a(_divmodhi4.o)
 .bss           0x0000000000000000        0x0 c:/program files/microchip/xc8/v2.31/avr/bin/../lib/gcc/avr/5.4.0/avr6/memx-const\libgcc.a(_divmodhi4.o)
 .text.libgcc.mul
                0x0000000000000000        0x0 c:/program files/microchip/xc8/v2.31/avr/bin/../lib/gcc/avr/5.4.0/avr6/memx-const\libgcc.a(_divmodhi4.o)
 .text.libgcc.div
                0x0000000000000000       0x28 c:/program files/microchip/xc8/v2.31/avr/bin/../lib/gcc/avr/5.4.0/avr6/memx-const\libgcc.a(_divmodhi4.o)
 .text.libgcc   0x0000000000000000        0x0 c:/program files/microchip/xc8/v2.31/avr/bin/../lib/gcc/avr/5.4.0/avr6/memx-const\libgcc.a(_divmodhi4.o)
 .text.libgcc.prologue
                0x0000000000000000        0x0 c:/program files/microchip/xc8/v2.31/avr/bin/../lib/gcc/avr/5.4.0/avr6/memx-const\libgcc.a(_divmodhi4.o)
 .text.libgcc.builtins
                0x0000000000000000        0x0 c:/program files/microchip/xc8/v2.31/avr/bin/../lib/gcc/avr/5.4.0/avr6/memx-const\libgcc.a(_divmodhi4.o)
 .text.libgcc.fmul
                0x0000000000000000        0x0 c:/program files/microchip/xc8/v2.31/avr/bin/../lib/gcc/avr/5.4.0/avr6/memx-const\libgcc.a(_divmodhi4.o)
 .text.libgcc.fixed
                0x0000000000000000        0x0 c:/program files/microchip/xc8/v2.31/avr/bin/../lib/gcc/avr/5.4.0/avr6/memx-const\libgcc.a(_divmodhi4.o)
 .text          0x0000000000000000        0x0 c:/program files/microchip/xc8/v2.31/avr/bin/../lib/gcc/avr/5.4.0/avr6/memx-const\libgcc.a(_exit.o)
 .data          0x0000000000000000        0x0 c:/program files/microchip/xc8/v2.31/avr/bin/../lib/gcc/avr/5.4.0/avr6/memx-const\libgcc.a(_exit.o)
 .bss           0x0000000000000000        0x0 c:/program files/microchip/xc8/v2.31/avr/bin/../lib/gcc/avr/5.4.0/avr6/memx-const\libgcc.a(_exit.o)
 .text.libgcc.mul
                0x0000000000000000        0x0 c:/program files/microchip/xc8/v2.31/avr/bin/../lib/gcc/avr/5.4.0/avr6/memx-const\libgcc.a(_exit.o)
 .text.libgcc.div
                0x0000000000000000        0x0 c:/program files/microchip/xc8/v2.31/avr/bin/../lib/gcc/avr/5.4.0/avr6/memx-const\libgcc.a(_exit.o)
 .text.libgcc   0x0000000000000000        0x0 c:/program files/microchip/xc8/v2.31/avr/bin/../lib/gcc/avr/5.4.0/avr6/memx-const\libgcc.a(_exit.o)
 .text.libgcc.prologue
                0x0000000000000000        0x0 c:/program files/microchip/xc8/v2.31/avr/bin/../lib/gcc/avr/5.4.0/avr6/memx-const\libgcc.a(_exit.o)
 .text.libgcc.builtins
                0x0000000000000000        0x0 c:/program files/microchip/xc8/v2.31/avr/bin/../lib/gcc/avr/5.4.0/avr6/memx-const\libgcc.a(_exit.o)
 .text.libgcc.fmul
                0x0000000000000000        0x0 c:/program files/microchip/xc8/v2.31/avr/bin/../lib/gcc/avr/5.4.0/avr6/memx-const\libgcc.a(_exit.o)
 .text.libgcc.fixed
                0x0000000000000000        0x0 c:/program files/microchip/xc8/v2.31/avr/bin/../lib/gcc/avr/5.4.0/avr6/memx-const\libgcc.a(_exit.o)
 .text          0x0000000000000000        0x0 c:/program files/microchip/xc8/v2.31/avr/bin/../lib/gcc/avr/5.4.0/avr6/memx-const\libgcc.a(_copy_data.o)
 .data          0x0000000000000000        0x0 c:/program files/microchip/xc8/v2.31/avr/bin/../lib/gcc/avr/5.4.0/avr6/memx-const\libgcc.a(_copy_data.o)
 .bss           0x0000000000000000        0x0 c:/program files/microchip/xc8/v2.31/avr/bin/../lib/gcc/avr/5.4.0/avr6/memx-const\libgcc.a(_copy_data.o)
 .text.libgcc.mul
                0x0000000000000000        0x0 c:/program files/microchip/xc8/v2.31/avr/bin/../lib/gcc/avr/5.4.0/avr6/memx-const\libgcc.a(_copy_data.o)
 .text.libgcc.div
                0x0000000000000000        0x0 c:/program files/microchip/xc8/v2.31/avr/bin/../lib/gcc/avr/5.4.0/avr6/memx-const\libgcc.a(_copy_data.o)
 .text.libgcc   0x0000000000000000        0x0 c:/program files/microchip/xc8/v2.31/avr/bin/../lib/gcc/avr/5.4.0/avr6/memx-const\libgcc.a(_copy_data.o)
 .text.libgcc.prologue
                0x0000000000000000        0x0 c:/program files/microchip/xc8/v2.31/avr/bin/../lib/gcc/avr/5.4.0/avr6/memx-const\libgcc.a(_copy_data.o)
 .text.libgcc.builtins
                0x0000000000000000        0x0 c:/program files/microchip/xc8/v2.31/avr/bin/../lib/gcc/avr/5.4.0/avr6/memx-const\libgcc.a(_copy_data.o)
 .text.libgcc.fmul
                0x0000000000000000        0x0 c:/program files/microchip/xc8/v2.31/avr/bin/../lib/gcc/avr/5.4.0/avr6/memx-const\libgcc.a(_copy_data.o)
 .text.libgcc.fixed
                0x0000000000000000        0x0 c:/program files/microchip/xc8/v2.31/avr/bin/../lib/gcc/avr/5.4.0/avr6/memx-const\libgcc.a(_copy_data.o)
 .text          0x0000000000000000        0x0 c:/program files/microchip/xc8/v2.31/avr/bin/../lib/gcc/avr/5.4.0/avr6/memx-const\libgcc.a(_movmemx.o)
 .data          0x0000000000000000        0x0 c:/program files/microchip/xc8/v2.31/avr/bin/../lib/gcc/avr/5.4.0/avr6/memx-const\libgcc.a(_movmemx.o)
 .bss           0x0000000000000000        0x0 c:/program files/microchip/xc8/v2.31/avr/bin/../lib/gcc/avr/5.4.0/avr6/memx-const\libgcc.a(_movmemx.o)
 .text.libgcc.mul
                0x0000000000000000        0x0 c:/program files/microchip/xc8/v2.31/avr/bin/../lib/gcc/avr/5.4.0/avr6/memx-const\libgcc.a(_movmemx.o)
 .text.libgcc.div
                0x0000000000000000        0x0 c:/program files/microchip/xc8/v2.31/avr/bin/../lib/gcc/avr/5.4.0/avr6/memx-const\libgcc.a(_movmemx.o)
 .text.libgcc.prologue
                0x0000000000000000        0x0 c:/program files/microchip/xc8/v2.31/avr/bin/../lib/gcc/avr/5.4.0/avr6/memx-const\libgcc.a(_movmemx.o)
 .text.libgcc.builtins
                0x0000000000000000        0x0 c:/program files/microchip/xc8/v2.31/avr/bin/../lib/gcc/avr/5.4.0/avr6/memx-const\libgcc.a(_movmemx.o)
 .text.libgcc.fmul
                0x0000000000000000        0x0 c:/program files/microchip/xc8/v2.31/avr/bin/../lib/gcc/avr/5.4.0/avr6/memx-const\libgcc.a(_movmemx.o)
 .text.libgcc.fixed
                0x0000000000000000        0x0 c:/program files/microchip/xc8/v2.31/avr/bin/../lib/gcc/avr/5.4.0/avr6/memx-const\libgcc.a(_movmemx.o)
 .text          0x0000000000000000        0x0 c:/program files/microchip/xc8/v2.31/avr/bin/../lib/gcc/avr/5.4.0/avr6/memx-const\libgcc.a(_udivmodhi4.o)
 .data          0x0000000000000000        0x0 c:/program files/microchip/xc8/v2.31/avr/bin/../lib/gcc/avr/5.4.0/avr6/memx-const\libgcc.a(_udivmodhi4.o)
 .bss           0x0000000000000000        0x0 c:/program files/microchip/xc8/v2.31/avr/bin/../lib/gcc/avr/5.4.0/avr6/memx-const\libgcc.a(_udivmodhi4.o)
 .text.libgcc.mul
                0x0000000000000000        0x0 c:/program files/microchip/xc8/v2.31/avr/bin/../lib/gcc/avr/5.4.0/avr6/memx-const\libgcc.a(_udivmodhi4.o)
 .text.libgcc.div
                0x0000000000000000       0x28 c:/program files/microchip/xc8/v2.31/avr/bin/../lib/gcc/avr/5.4.0/avr6/memx-const\libgcc.a(_udivmodhi4.o)
 .text.libgcc   0x0000000000000000        0x0 c:/program files/microchip/xc8/v2.31/avr/bin/../lib/gcc/avr/5.4.0/avr6/memx-const\libgcc.a(_udivmodhi4.o)
 .text.libgcc.prologue
                0x0000000000000000        0x0 c:/program files/microchip/xc8/v2.31/avr/bin/../lib/gcc/avr/5.4.0/avr6/memx-const\libgcc.a(_udivmodhi4.o)
 .text.libgcc.builtins
                0x0000000000000000        0x0 c:/program files/microchip/xc8/v2.31/avr/bin/../lib/gcc/avr/5.4.0/avr6/memx-const\libgcc.a(_udivmodhi4.o)
 .text.libgcc.fmul
                0x0000000000000000        0x0 c:/program files/microchip/xc8/v2.31/avr/bin/../lib/gcc/avr/5.4.0/avr6/memx-const\libgcc.a(_udivmodhi4.o)
 .text.libgcc.fixed
                0x0000000000000000        0x0 c:/program files/microchip/xc8/v2.31/avr/bin/../lib/gcc/avr/5.4.0/avr6/memx-const\libgcc.a(_udivmodhi4.o)
 .text          0x0000000000000000        0x0 c:/program files/microchip/xc8/v2.31/avr/bin/../lib/gcc/avr/5.4.0/../../../../avr/lib/avr6/memx-const\libc.a(dtostrf.o)
 .data          0x0000000000000000        0x0 c:/program files/microchip/xc8/v2.31/avr/bin/../lib/gcc/avr/5.4.0/../../../../avr/lib/avr6/memx-const\libc.a(dtostrf.o)
 .bss           0x0000000000000000        0x0 c:/program files/microchip/xc8/v2.31/avr/bin/../lib/gcc/avr/5.4.0/../../../../avr/lib/avr6/memx-const\libc.a(dtostrf.o)
 .text          0x0000000000000000        0x0 c:/program files/microchip/xc8/v2.31/avr/bin/../lib/gcc/avr/5.4.0/../../../../avr/lib/avr6/memx-const\libc.a(strlen_M.o)
 .data          0x0000000000000000        0x0 c:/program files/microchip/xc8/v2.31/avr/bin/../lib/gcc/avr/5.4.0/../../../../avr/lib/avr6/memx-const\libc.a(strlen_M.o)
 .bss           0x0000000000000000        0x0 c:/program files/microchip/xc8/v2.31/avr/bin/../lib/gcc/avr/5.4.0/../../../../avr/lib/avr6/memx-const\libc.a(strlen_M.o)
 .text.avrlibc  0x0000000000000000       0x24 c:/program files/microchip/xc8/v2.31/avr/bin/../lib/gcc/avr/5.4.0/../../../../avr/lib/avr6/memx-const\libc.a(strlen_M.o)
 .comment       0x0000000000000000       0x2d c:/program files/microchip/xc8/v2.31/avr/bin/../lib/gcc/avr/5.4.0/../../../../avr/lib/avr6/memx-const\libc.a(strlen_M.o)
 .text          0x0000000000000000        0x0 c:/program files/microchip/xc8/v2.31/avr/bin/../lib/gcc/avr/5.4.0/../../../../avr/lib/avr6/memx-const\libc.a(dtoa_prf.o)
 .data          0x0000000000000000        0x0 c:/program files/microchip/xc8/v2.31/avr/bin/../lib/gcc/avr/5.4.0/../../../../avr/lib/avr6/memx-const\libc.a(dtoa_prf.o)
 .bss           0x0000000000000000        0x0 c:/program files/microchip/xc8/v2.31/avr/bin/../lib/gcc/avr/5.4.0/../../../../avr/lib/avr6/memx-const\libc.a(dtoa_prf.o)
 .text          0x0000000000000000        0x0 c:/program files/microchip/xc8/v2.31/avr/bin/../lib/gcc/avr/5.4.0/../../../../avr/lib/avr6/memx-const\libc.a(ftoa_engine.o)
 .data          0x0000000000000000        0x0 c:/program files/microchip/xc8/v2.31/avr/bin/../lib/gcc/avr/5.4.0/../../../../avr/lib/avr6/memx-const\libc.a(ftoa_engine.o)
 .bss           0x0000000000000000        0x0 c:/program files/microchip/xc8/v2.31/avr/bin/../lib/gcc/avr/5.4.0/../../../../avr/lib/avr6/memx-const\libc.a(ftoa_engine.o)
 .text          0x0000000000000000        0x0 c:/program files/microchip/xc8/v2.31/avr/bin/../lib/gcc/avr/5.4.0/avr6/memx-const\libgcc.a(_xload_1.o)
 .data          0x0000000000000000        0x0 c:/program files/microchip/xc8/v2.31/avr/bin/../lib/gcc/avr/5.4.0/avr6/memx-const\libgcc.a(_xload_1.o)
 .bss           0x0000000000000000        0x0 c:/program files/microchip/xc8/v2.31/avr/bin/../lib/gcc/avr/5.4.0/avr6/memx-const\libgcc.a(_xload_1.o)
 .text.libgcc.mul
                0x0000000000000000        0x0 c:/program files/microchip/xc8/v2.31/avr/bin/../lib/gcc/avr/5.4.0/avr6/memx-const\libgcc.a(_xload_1.o)
 .text.libgcc.div
                0x0000000000000000        0x0 c:/program files/microchip/xc8/v2.31/avr/bin/../lib/gcc/avr/5.4.0/avr6/memx-const\libgcc.a(_xload_1.o)
 .text.libgcc   0x0000000000000000        0xe c:/program files/microchip/xc8/v2.31/avr/bin/../lib/gcc/avr/5.4.0/avr6/memx-const\libgcc.a(_xload_1.o)
 .text.libgcc.prologue
                0x0000000000000000        0x0 c:/program files/microchip/xc8/v2.31/avr/bin/../lib/gcc/avr/5.4.0/avr6/memx-const\libgcc.a(_xload_1.o)
 .text.libgcc.builtins
                0x0000000000000000        0x0 c:/program files/microchip/xc8/v2.31/avr/bin/../lib/gcc/avr/5.4.0/avr6/memx-const\libgcc.a(_xload_1.o)
 .text.libgcc.fmul
                0x0000000000000000        0x0 c:/program files/microchip/xc8/v2.31/avr/bin/../lib/gcc/avr/5.4.0/avr6/memx-const\libgcc.a(_xload_1.o)
 .text.libgcc.fixed
                0x0000000000000000        0x0 c:/program files/microchip/xc8/v2.31/avr/bin/../lib/gcc/avr/5.4.0/avr6/memx-const\libgcc.a(_xload_1.o)

Memory Configuration

Name             Origin             Length             Attributes
text             0x0000000000000000 0x0000000000040000 xr
data             0x0000000000800200 0x0000000000002000 rw !x
eeprom           0x0000000000810000 0x0000000000001000 rw !x
fuse             0x0000000000820000 0x0000000000000003 rw !x
lock             0x0000000000830000 0x0000000000000400 rw !x
signature        0x0000000000840000 0x0000000000000400 rw !x
user_signatures  0x0000000000850000 0x0000000000000400 rw !x
*default*        0x0000000000000000 0xffffffffffffffff

Linker script and memory map

Address of section .data set to 0x800200
LOAD C:/Program Files (x86)/Atmel/Studio/7.0/Packs/atmel/ATmega_DFP/1.6.364/xc8/avr/lib/avr6/memx-const/crtatmega2560.o
LOAD ADC.o
LOAD externInt.o
LOAD I2C.o
LOAD main.o
LOAD ssd1306.o
LOAD timer.o
LOAD uart.o
START GROUP
LOAD c:/program files/microchip/xc8/v2.31/avr/bin/../lib/gcc/avr/5.4.0/../../../../avr/lib/avr6/memx-const\libm.a
END GROUP
START GROUP
LOAD c:/program files/microchip/xc8/v2.31/avr/bin/../lib/gcc/avr/5.4.0/avr6/memx-const\libgcc.a
LOAD c:/program files/microchip/xc8/v2.31/avr/bin/../lib/gcc/avr/5.4.0/../../../../avr/lib/avr6/memx-const\libm.a
LOAD c:/program files/microchip/xc8/v2.31/avr/bin/../lib/gcc/avr/5.4.0/../../../../avr/lib/avr6/memx-const\libc.a
LOAD C:/Program Files (x86)/Atmel/Studio/7.0/Packs/atmel/ATmega_DFP/1.6.364/xc8/avr/lib/avr6/memx-const\libatmega2560.a
END GROUP
                0x0000000000000000                __TEXT_REGION_ORIGIN__ = DEFINED (__TEXT_REGION_ORIGIN__)?__TEXT_REGION_ORIGIN__:0x0
                [0x0000000000800200]                __DATA_REGION_ORIGIN__ = DEFINED (__DATA_REGION_ORIGIN__)?__DATA_REGION_ORIGIN__:0x800200
                [0x0000000000040000]                __TEXT_REGION_LENGTH__ = DEFINED (__TEXT_REGION_LENGTH__)?__TEXT_REGION_LENGTH__:0x100000
                [0x0000000000002000]                __DATA_REGION_LENGTH__ = DEFINED (__DATA_REGION_LENGTH__)?__DATA_REGION_LENGTH__:0xfe00
                [0x0000000000001000]                __EEPROM_REGION_LENGTH__ = DEFINED (__EEPROM_REGION_LENGTH__)?__EEPROM_REGION_LENGTH__:0x10000
                [0x0000000000000003]                __FUSE_REGION_LENGTH__ = DEFINED (__FUSE_REGION_LENGTH__)?__FUSE_REGION_LENGTH__:0x400
                0x0000000000000400                __LOCK_REGION_LENGTH__ = DEFINED (__LOCK_REGION_LENGTH__)?__LOCK_REGION_LENGTH__:0x400
                0x0000000000000400                __SIGNATURE_REGION_LENGTH__ = DEFINED (__SIGNATURE_REGION_LENGTH__)?__SIGNATURE_REGION_LENGTH__:0x400
                0x0000000000000400                __USER_SIGNATURE_REGION_LENGTH__ = DEFINED (__USER_SIGNATURE_REGION_LENGTH__)?__USER_SIGNATURE_REGION_LENGTH__:0x400

.hash
 *(.hash)

.dynsym
 *(.dynsym)

.dynstr
 *(.dynstr)

.gnu.version
 *(.gnu.version)

.gnu.version_d
 *(.gnu.version_d)

.gnu.version_r
 *(.gnu.version_r)

.rel.init
 *(.rel.init)

.rela.init
 *(.rela.init)

.rel.text
 *(.rel.text)
 *(.rel.text.*)
 *(.rel.gnu.linkonce.t*)

.rela.text
 *(.rela.text)
 *(.rela.text.*)
 *(.rela.gnu.linkonce.t*)

.rel.fini
 *(.rel.fini)

.rela.fini
 *(.rela.fini)

.rel.rodata
 *(.rel.rodata)
 *(.rel.rodata.*)
 *(.rel.gnu.linkonce.r*)

.rela.rodata
 *(.rela.rodata)
 *(.rela.rodata.*)
 *(.rela.gnu.linkonce.r*)

.rel.data
 *(.rel.data)
 *(.rel.data.*)
 *(.rel.gnu.linkonce.d*)

.rela.data
 *(.rela.data)
 *(.rela.data.*)
 *(.rela.gnu.linkonce.d*)

.rel.ctors
 *(.rel.ctors)

.rela.ctors
 *(.rela.ctors)

.rel.dtors
 *(.rel.dtors)

.rela.dtors
 *(.rela.dtors)

.rel.got
 *(.rel.got)

.rela.got
 *(.rela.got)

.rel.bss
 *(.rel.bss)

.rela.bss
 *(.rela.bss)

.rel.plt
 *(.rel.plt)

.rela.plt
 *(.rela.plt)

.text           0x0000000000000000      0x274
 *(.vectors)
 .vectors       0x0000000000000000       0xe4 C:/Program Files (x86)/Atmel/Studio/7.0/Packs/atmel/ATmega_DFP/1.6.364/xc8/avr/lib/avr6/memx-const/crtatmega2560.o
                0x0000000000000000                __vector_default
                0x0000000000000000                __vectors
 *(.vectors)
 *(.progmem.gcc*)
 .progmem.gcc_fplib
                0x00000000000000e4       0x2d c:/program files/microchip/xc8/v2.31/avr/bin/../lib/gcc/avr/5.4.0/../../../../avr/lib/avr6/memx-const\libm.a(atan.o)
 *(.dinit)
 *fill*         0x0000000000000111        0x1 
 .dinit         0x0000000000000112        0xc data_init
                0x000000000000011e                . = ALIGN (0x2)
                0x000000000000011e                __trampolines_start = .
 *(.trampolines)
 .trampolines   0x000000000000011e        0x0 linker stubs
 *(.trampolines*)
                0x000000000000011e                __trampolines_end = .
 *libprintf_flt.a:*(.progmem.data)
 *libc.a:*(.progmem.data)
 .progmem.data  0x000000000000011e       0xfa c:/program files/microchip/xc8/v2.31/avr/bin/../lib/gcc/avr/5.4.0/../../../../avr/lib/avr6/memx-const\libc.a(ftoa_engine.o)
                0x0000000000000218                . = ALIGN (0x2)
 *(.jumptables)
 *(.jumptables*)
 *(.lowtext)
 *(.lowtext*)
                0x0000000000000218                __ctors_start = .
 *(.ctors)
                0x0000000000000218                __ctors_end = .
                0x0000000000000218                __dtors_start = .
 *(.dtors)
                0x0000000000000218                __dtors_end = .
 SORT(*)(.ctors)
 SORT(*)(.dtors)
 *(.init0)
 .init0         0x0000000000000218        0x0 C:/Program Files (x86)/Atmel/Studio/7.0/Packs/atmel/ATmega_DFP/1.6.364/xc8/avr/lib/avr6/memx-const/crtatmega2560.o
                0x0000000000000218                __init
 *(.init0)
 *(.init1)
 *(.init1)
 *(.init2)
 .init2         0x0000000000000218       0x10 C:/Program Files (x86)/Atmel/Studio/7.0/Packs/atmel/ATmega_DFP/1.6.364/xc8/avr/lib/avr6/memx-const/crtatmega2560.o
 *(.init2)
 *(.init3)
 *(.init3)
 *(.init4)
 .init4         0x0000000000000228       0x40 c:/program files/microchip/xc8/v2.31/avr/bin/../lib/gcc/avr/5.4.0/avr6/memx-const\libgcc.a(_copy_data.o)
                0x0000000000000228                __do_copy_data
                0x000000000000025a                __do_clear_bss
 *(.init4)
 *(.init5)
 *(.init5)
 *(.init6)
 *(.init6)
 *(.init7)
 *(.init7)
 *(.init8)
 *(.init8)
 *(.init9)
 .init9         0x0000000000000268        0x8 C:/Program Files (x86)/Atmel/Studio/7.0/Packs/atmel/ATmega_DFP/1.6.364/xc8/avr/lib/avr6/memx-const/crtatmega2560.o
 *(.init9)
                0x0000000000000270                . = ALIGN (0x2)
 *(.fini9)
 .fini9         0x0000000000000270        0x0 c:/program files/microchip/xc8/v2.31/avr/bin/../lib/gcc/avr/5.4.0/avr6/memx-const\libgcc.a(_exit.o)
                0x0000000000000270                _exit
                0x0000000000000270                exit
 *(.fini9)
 *(.fini8)
 *(.fini8)
 *(.fini7)
 *(.fini7)
 *(.fini6)
 *(.fini6)
 *(.fini5)
 *(.fini5)
 *(.fini4)
 *(.fini4)
 *(.fini3)
 *(.fini3)
 *(.fini2)
 *(.fini2)
 *(.fini1)
 *(.fini1)
 *(.fini0)
 .fini0         0x0000000000000270        0x4 c:/program files/microchip/xc8/v2.31/avr/bin/../lib/gcc/avr/5.4.0/avr6/memx-const\libgcc.a(_exit.o)
 *(.fini0)
                0x0000000000000274                _etext = .

.data           0x0000000000800200        0x0 load address 0x0000000000000274
                [!provide]                        PROVIDE (__data_start, .)
 *(.gnu.linkonce.d*)
 *(.gnu.linkonce.r*)
                0x0000000000800200                . = ALIGN (0x2)
                0x0000000000800200                _edata = .
                [!provide]                        PROVIDE (__data_end, .)

.bss            0x0000000000800200        0x1
                [!provide]                        PROVIDE (__bss_start, .)
 *(COMMON)
 COMMON         0x0000000000800200        0x1 main.o
                0x0000000000800200                state
                [!provide]                        PROVIDE (__bss_end, .)
                0x0000000000000274                __data_load_start = LOADADDR (.data)
                0x0000000000000274                __data_load_end = (__data_load_start + SIZEOF (.data))

.noinit         0x0000000000800201        0x0
                [!provide]                        PROVIDE (__noinit_start, .)
 *(.noinit*)
                [!provide]                        PROVIDE (__noinit_end, .)
                0x0000000000800201                _end = .

.eeprom         0x0000000000810000        0x0
 *(.eeprom*)
                0x0000000000810000                __eeprom_end = .

.fuse
 *(.fuse)
 *(.lfuse)
 *(.hfuse)
 *(.efuse)

.lock
 *(.lock*)

.signature
 *(.signature*)

.user_signatures
 *(.user_signatures*)

.stab
 *(.stab)

.stabstr
 *(.stabstr)

.stab.excl
 *(.stab.excl)

.stab.exclstr
 *(.stab.exclstr)

.stab.index
 *(.stab.index)

.stab.indexstr
 *(.stab.indexstr)

.comment        0x0000000000000000       0x5b
 *(.comment)
 .comment       0x0000000000000000       0x2f ADC.o
                                         0x30 (size before relaxing)
 .comment       0x000000000000002f       0x30 I2C.o
 .comment       0x000000000000002f       0x30 main.o
 .comment       0x000000000000002f       0x30 ssd1306.o
 .comment       0x000000000000002f       0x30 timer.o
 .comment       0x000000000000002f       0x2c c:/program files/microchip/xc8/v2.31/avr/bin/../lib/gcc/avr/5.4.0/../../../../avr/lib/avr6/memx-const\libc.a(dtostrf.o)
                                         0x2d (size before relaxing)
 .comment       0x000000000000005b       0x2d c:/program files/microchip/xc8/v2.31/avr/bin/../lib/gcc/avr/5.4.0/../../../../avr/lib/avr6/memx-const\libc.a(dtoa_prf.o)

.note.gnu.build-id
 *(.note.gnu.build-id)

.debug
 *(.debug)

.line
 *(.line)

.debug_srcinfo
 *(.debug_srcinfo)

.debug_sfnames
 *(.debug_sfnames)

.debug_aranges  0x0000000000000000      0x200
 *(.debug_aranges)
 .debug_aranges
                0x0000000000000000       0x38 ADC.o
 .debug_aranges
                0x0000000000000038       0x50 I2C.o
 .debug_aranges
                0x0000000000000088       0x48 main.o
 .debug_aranges
                0x00000000000000d0       0xe8 ssd1306.o
 .debug_aranges
                0x00000000000001b8       0x48 timer.o

.debug_pubnames
 *(.debug_pubnames)

.debug_info     0x0000000000000000     0x3355
 *(.debug_info .gnu.linkonce.wi.*)
 .debug_info    0x0000000000000000      0xbbc C:/Program Files (x86)/Atmel/Studio/7.0/Packs/atmel/ATmega_DFP/1.6.364/xc8/avr/lib/avr6/memx-const/crtatmega2560.o
 .debug_info    0x0000000000000bbc      0x321 ADC.o
 .debug_info    0x0000000000000edd      0x484 I2C.o
 .debug_info    0x0000000000001361      0x82d main.o
 .debug_info    0x0000000000001b8e     0x13bf ssd1306.o
 .debug_info    0x0000000000002f4d      0x408 timer.o

.debug_abbrev   0x0000000000000000     0x10c4
 *(.debug_abbrev)
 .debug_abbrev  0x0000000000000000      0xb1a C:/Program Files (x86)/Atmel/Studio/7.0/Packs/atmel/ATmega_DFP/1.6.364/xc8/avr/lib/avr6/memx-const/crtatmega2560.o
 .debug_abbrev  0x0000000000000b1a       0x6f ADC.o
 .debug_abbrev  0x0000000000000b89      0x145 I2C.o
 .debug_abbrev  0x0000000000000cce      0x18c main.o
 .debug_abbrev  0x0000000000000e5a      0x1ec ssd1306.o
 .debug_abbrev  0x0000000000001046       0x7e timer.o

.debug_line     0x0000000000000000     0x1306
 *(.debug_line .debug_line.* .debug_line_end)
 .debug_line    0x0000000000000000      0x1fd C:/Program Files (x86)/Atmel/Studio/7.0/Packs/atmel/ATmega_DFP/1.6.364/xc8/avr/lib/avr6/memx-const/crtatmega2560.o
 .debug_line    0x00000000000001fd      0x169 ADC.o
 .debug_line    0x0000000000000366      0x2a7 I2C.o
 .debug_line    0x000000000000060d      0x292 main.o
 .debug_line    0x000000000000089f      0x77e ssd1306.o
 .debug_line    0x000000000000101d      0x2e9 timer.o

.debug_frame    0x0000000000000000      0x588
 *(.debug_frame)
 .debug_frame   0x0000000000000000       0x54 ADC.o
 .debug_frame   0x0000000000000054       0x84 I2C.o
 .debug_frame   0x00000000000000d8      0x144 main.o
 .debug_frame   0x000000000000021c      0x2f8 ssd1306.o
 .debug_frame   0x0000000000000514       0x74 timer.o

.debug_str      0x0000000000000000      0x4ae
 *(.debug_str)
 .debug_str     0x0000000000000000      0x3e6 C:/Program Files (x86)/Atmel/Studio/7.0/Packs/atmel/ATmega_DFP/1.6.364/xc8/avr/lib/avr6/memx-const/crtatmega2560.o
 .debug_str     0x00000000000003e6        0x8 ADC.o
 .debug_str     0x00000000000003ee       0x15 I2C.o
 .debug_str     0x0000000000000403       0x4b main.o
 .debug_str     0x000000000000044e       0x3c ssd1306.o
 .debug_str     0x000000000000048a       0x24 timer.o

.debug_loc      0x0000000000000000     0x15ab
 *(.debug_loc)
 .debug_loc     0x0000000000000000       0x84 ADC.o
 .debug_loc     0x0000000000000084      0x1a8 I2C.o
 .debug_loc     0x000000000000022c      0x506 main.o
 .debug_loc     0x0000000000000732      0xd6b ssd1306.o
 .debug_loc     0x000000000000149d      0x10e timer.o

.debug_macinfo
 *(.debug_macinfo)

.debug_weaknames
 *(.debug_weaknames)

.debug_funcnames
 *(.debug_funcnames)

.debug_typenames
 *(.debug_typenames)

.debug_varnames
 *(.debug_varnames)

.debug_pubtypes
 *(.debug_pubtypes)

.debug_ranges   0x0000000000000000      0x228
 *(.debug_ranges)
 .debug_ranges  0x0000000000000000       0x28 ADC.o
 .debug_ranges  0x0000000000000028       0x40 I2C.o
 .debug_ranges  0x0000000000000068       0x50 main.o
 .debug_ranges  0x00000000000000b8      0x138 ssd1306.o
 .debug_ranges  0x00000000000001f0       0x38 timer.o

.debug_macro
 *(.debug_macro)
OUTPUT(Metaldetektor.elf elf32-avr)
LOAD linker stubs
LOAD data_init

.note.gnu.avr.deviceinfo
                0x0000000000000000       0x40
 .note.gnu.avr.deviceinfo
                0x0000000000000000       0x40 C:/Program Files (x86)/Atmel/Studio/7.0/Packs/atmel/ATmega_DFP/1.6.364/xc8/avr/lib/avr6/memx-const/crtatmega2560.o

.bss.result.2248
                0x0000000000800281        0xc
 .bss.result.2248
                0x0000000000800281        0xc main.o

.bss.sampleIndex.2229
                0x000000000080028d        0x2
 .bss.sampleIndex.2229
                0x000000000080028d        0x2 main.o

.bss.sigCounter.2223
                0x000000000080028f        0x1
 .bss.sigCounter.2223
                0x000000000080028f        0x1 main.o

.bss.samples    0x0000000000800201       0x80
 .bss.samples   0x0000000000800201       0x80 main.o
                0x0000000000800201                samples

.progmemx.data.myFont
                0x0000000000000274      0x300
 .progmemx.data.myFont
                0x0000000000000274      0x300 ssd1306.o
                0x0000000000000274                myFont

.progmemx.data  0x0000000000000574        0xc
 .progmemx.data
                0x0000000000000574        0xc main.o

.text.avrlibc   0x0000000000000580      0x2ee
 .text.avrlibc  0x0000000000000580      0x2ee c:/program files/microchip/xc8/v2.31/avr/bin/../lib/gcc/avr/5.4.0/../../../../avr/lib/avr6/memx-const\libc.a(dtoa_prf.o)
                0x0000000000000580                dtoa_prf

.text.fourier   0x000000000000086e      0x1ea
 .text.fourier  0x000000000000086e      0x1ea main.o
                0x000000000000086e                fourier

.text.avrlibc   0x0000000000000a58      0x1b0
 .text.avrlibc  0x0000000000000a58      0x1b0 c:/program files/microchip/xc8/v2.31/avr/bin/../lib/gcc/avr/5.4.0/../../../../avr/lib/avr6/memx-const\libc.a(ftoa_engine.o)
                0x0000000000000a58                __ftoa_engine

.text.main      0x0000000000000c08      0x110
 .text.main     0x0000000000000c08      0x110 main.o
                0x0000000000000c08                main

.text.avrlibc.fplib
                0x0000000000000d18       0xde
 .text.avrlibc.fplib
                0x0000000000000d18       0xde c:/program files/microchip/xc8/v2.31/avr/bin/../lib/gcc/avr/5.4.0/../../../../avr/lib/avr6/memx-const\libm.a(divsf3x.o)
                0x0000000000000d18                __divsf3x
                0x0000000000000d40                __divsf3_pse

.text.avrlibc.fplib
                0x0000000000000df6       0xd4
 .text.avrlibc.fplib
                0x0000000000000df6       0xd4 c:/program files/microchip/xc8/v2.31/avr/bin/../lib/gcc/avr/5.4.0/../../../../avr/lib/avr6/memx-const\libm.a(mulsf3x.o)
                0x0000000000000df6                __mulsf3x
                0x0000000000000e1c                __mulsf3_pse

.text.avrlibc.fplib
                0x0000000000000eca       0xce
 .text.avrlibc.fplib
                0x0000000000000eca       0xce c:/program files/microchip/xc8/v2.31/avr/bin/../lib/gcc/avr/5.4.0/../../../../avr/lib/avr6/memx-const\libm.a(addsf3x.o)
                0x0000000000000eca                __addsf3x

.text.initTimer1CTC
                0x0000000000000f98       0xa4
 .text.initTimer1CTC
                0x0000000000000f98       0xa4 timer.o
                0x0000000000000f98                initTimer1CTC

.text.InitializeDisplay
                0x000000000000103c       0x98
 .text.InitializeDisplay
                0x000000000000103c       0x98 ssd1306.o
                0x000000000000103c                InitializeDisplay

.text.avrlibc.fplib
                0x00000000000010d4       0x8e
 .text.avrlibc.fplib
                0x00000000000010d4       0x8e c:/program files/microchip/xc8/v2.31/avr/bin/../lib/gcc/avr/5.4.0/../../../../avr/lib/avr6/memx-const\libm.a(sqrt.o)
                0x00000000000010d4                sqrtf
                0x00000000000010d4                sqrt

.text.avrlibc.fplib
                0x0000000000001162       0x88
 .text.avrlibc.fplib
                0x0000000000001162       0x88 c:/program files/microchip/xc8/v2.31/avr/bin/../lib/gcc/avr/5.4.0/../../../../avr/lib/avr6/memx-const\libm.a(atan2.o)
                0x0000000000001162                atan2

.text.__vector_29
                0x00000000000011ea       0x84
 .text.__vector_29
                0x00000000000011ea       0x84 main.o
                0x00000000000011ea                __vector_29

.text.avrlibc.fplib
                0x000000000000126e       0x7a
 .text.avrlibc.fplib
                0x000000000000126e       0x7a c:/program files/microchip/xc8/v2.31/avr/bin/../lib/gcc/avr/5.4.0/../../../../avr/lib/avr6/memx-const\libm.a(floatsisf.o)
                0x000000000000126e                __floatunsisf
                0x0000000000001272                __floatsisf

.text.sendStrXY
                0x00000000000012e8       0x6a
 .text.sendStrXY
                0x00000000000012e8       0x6a ssd1306.o
                0x00000000000012e8                sendStrXY

.text.showValues
                0x0000000000001352       0x66
 .text.showValues
                0x0000000000001352       0x66 main.o
                0x0000000000001352                showValues

.text.avrlibc.fplib
                0x00000000000013b8       0x5e
 .text.avrlibc.fplib
                0x00000000000013b8       0x5e c:/program files/microchip/xc8/v2.31/avr/bin/../lib/gcc/avr/5.4.0/../../../../avr/lib/avr6/memx-const\libm.a(atan.o)
                0x00000000000013b8                atan

.text.avrlibc.fplib
                0x0000000000001416       0x4e
 .text.avrlibc.fplib
                0x0000000000001416       0x4e c:/program files/microchip/xc8/v2.31/avr/bin/../lib/gcc/avr/5.4.0/../../../../avr/lib/avr6/memx-const\libm.a(fp_powser.o)
                0x0000000000001416                __fp_powser

.text.initCTCB1
                0x0000000000001464       0x4a
 .text.initCTCB1
                0x0000000000001464       0x4a ADC.o
                0x0000000000001464                initCTCB1

.text.I2C_Start
                0x00000000000014ae       0x48
 .text.I2C_Start
                0x00000000000014ae       0x48 I2C.o
                0x00000000000014ae                I2C_Start

.text.__vector_18
                0x00000000000014f6       0x48
 .text.__vector_18
                0x00000000000014f6       0x48 main.o
                0x00000000000014f6                __vector_18

.text.avrlibc.fplib
                0x000000000000153e       0x44
 .text.avrlibc.fplib
                0x000000000000153e       0x44 c:/program files/microchip/xc8/v2.31/avr/bin/../lib/gcc/avr/5.4.0/../../../../avr/lib/avr6/memx-const\libm.a(fp_split3.o)
                0x000000000000153e                __fp_split3
                0x000000000000154e                __fp_splitA

.text.avrlibc   0x0000000000001582       0x40
 .text.avrlibc  0x0000000000001582       0x40 c:/program files/microchip/xc8/v2.31/avr/bin/../lib/gcc/avr/5.4.0/../../../../avr/lib/avr6/memx-const\libc.a(dtostrf.o)
                0x0000000000001582                dtostrf

.text.init      0x00000000000015c2       0x3a
 .text.init     0x00000000000015c2       0x3a main.o
                0x00000000000015c2                init

.text.I2C_Init  0x00000000000015fc       0x36
 .text.I2C_Init
                0x00000000000015fc       0x36 I2C.o
                0x00000000000015fc                I2C_Init

.text.I2C_Write
                0x0000000000001632       0x2c
 .text.I2C_Write
                0x0000000000001632       0x2c I2C.o
                0x0000000000001632                I2C_Write

.text.setXY     0x000000000000165e       0x2c
 .text.setXY    0x000000000000165e       0x2c ssd1306.o
                0x000000000000165e                setXY

.text.clear_display
                0x000000000000168a       0x2c
 .text.clear_display
                0x000000000000168a       0x2c ssd1306.o
                0x000000000000168a                clear_display

.text.avrlibc.fplib
                0x00000000000016b6       0x22
 .text.avrlibc.fplib
                0x00000000000016b6       0x22 c:/program files/microchip/xc8/v2.31/avr/bin/../lib/gcc/avr/5.4.0/../../../../avr/lib/avr6/memx-const\libm.a(fp_round.o)
                0x00000000000016b6                __fp_round

.text.ssd1306_command
                0x00000000000016d8       0x20
 .text.ssd1306_command
                0x00000000000016d8       0x20 ssd1306.o
                0x00000000000016d8                ssd1306_command

.text.SendChar  0x00000000000016f8       0x20
 .text.SendChar
                0x00000000000016f8       0x20 ssd1306.o
                0x00000000000016f8                SendChar

.text.dim       0x0000000000001718       0x1c
 .text.dim      0x0000000000001718       0x1c ssd1306.o
                0x0000000000001718                dim

.text.avrlibc.fplib
                0x0000000000001734       0x1c
 .text.avrlibc.fplib
                0x0000000000001734       0x1c c:/program files/microchip/xc8/v2.31/avr/bin/../lib/gcc/avr/5.4.0/../../../../avr/lib/avr6/memx-const\libm.a(fp_mpack.o)
                0x0000000000001734                __fp_mpack
                0x0000000000001738                __fp_mpack_finite

.text.libgcc    0x0000000000001750       0x1c
 .text.libgcc   0x0000000000001750       0x1c c:/program files/microchip/xc8/v2.31/avr/bin/../lib/gcc/avr/5.4.0/avr6/memx-const\libgcc.a(_movmemx.o)
                0x0000000000001750                __movmemx_qi
                0x0000000000001752                __movmemx_hi

.text.I2C_Stop  0x000000000000176c       0x10
 .text.I2C_Stop
                0x000000000000176c       0x10 I2C.o
                0x000000000000176c                I2C_Stop

.text.avrlibc.fplib
                0x000000000000177c       0x10
 .text.avrlibc.fplib
                0x000000000000177c       0x10 c:/program files/microchip/xc8/v2.31/avr/bin/../lib/gcc/avr/5.4.0/../../../../avr/lib/avr6/memx-const\libm.a(inverse.o)
                0x000000000000177c                inverse

.text.avrlibc.fplib
                0x000000000000178c        0xe
 .text.avrlibc.fplib
                0x000000000000178c        0xe c:/program files/microchip/xc8/v2.31/avr/bin/../lib/gcc/avr/5.4.0/../../../../avr/lib/avr6/memx-const\libm.a(addsf3.o)
                0x000000000000178c                __subsf3
                0x000000000000178e                __addsf3

.text.avrlibc.fplib
                0x000000000000179a        0xe
 .text.avrlibc.fplib
                0x000000000000179a        0xe c:/program files/microchip/xc8/v2.31/avr/bin/../lib/gcc/avr/5.4.0/../../../../avr/lib/avr6/memx-const\libm.a(fp_pscA.o)
                0x000000000000179a                __fp_pscA

.text.avrlibc.fplib
                0x00000000000017a8        0xe
 .text.avrlibc.fplib
                0x00000000000017a8        0xe c:/program files/microchip/xc8/v2.31/avr/bin/../lib/gcc/avr/5.4.0/../../../../avr/lib/avr6/memx-const\libm.a(fp_pscB.o)
                0x00000000000017a8                __fp_pscB

.text.avrlibc.fplib
                0x00000000000017b6        0xe
 .text.avrlibc.fplib
                0x00000000000017b6        0xe c:/program files/microchip/xc8/v2.31/avr/bin/../lib/gcc/avr/5.4.0/../../../../avr/lib/avr6/memx-const\libm.a(fp_zero.o)
                0x00000000000017b6                __fp_zero
                0x00000000000017b8                __fp_szero

.text.avrlibc.fplib
                0x00000000000017c4        0xe
 .text.avrlibc.fplib
                0x00000000000017c4        0xe c:/program files/microchip/xc8/v2.31/avr/bin/../lib/gcc/avr/5.4.0/../../../../avr/lib/avr6/memx-const\libm.a(fp_norm2.o)
                0x00000000000017c4                __fp_norm2

.text.avrlibc.fplib
                0x00000000000017d2        0xc
 .text.avrlibc.fplib
                0x00000000000017d2        0xc c:/program files/microchip/xc8/v2.31/avr/bin/../lib/gcc/avr/5.4.0/../../../../avr/lib/avr6/memx-const\libm.a(fp_inf.o)
                0x00000000000017d2                __fp_inf

.text.avrlibc.fplib
                0x00000000000017de        0x8
 .text.avrlibc.fplib
                0x00000000000017de        0x8 c:/program files/microchip/xc8/v2.31/avr/bin/../lib/gcc/avr/5.4.0/../../../../avr/lib/avr6/memx-const\libm.a(divsf3.o)
                0x00000000000017de                __divsf3

.text.avrlibc.fplib
                0x00000000000017e6        0x8
 .text.avrlibc.fplib
                0x00000000000017e6        0x8 c:/program files/microchip/xc8/v2.31/avr/bin/../lib/gcc/avr/5.4.0/../../../../avr/lib/avr6/memx-const\libm.a(mulsf3.o)
                0x00000000000017e6                __mulsf3

.text.avrlibc.fplib
                0x00000000000017ee        0x8
 .text.avrlibc.fplib
                0x00000000000017ee        0x8 c:/program files/microchip/xc8/v2.31/avr/bin/../lib/gcc/avr/5.4.0/../../../../avr/lib/avr6/memx-const\libm.a(square.o)
                0x00000000000017ee                square

.text.avrlibc.fplib
                0x00000000000017f6        0x6
 .text.avrlibc.fplib
                0x00000000000017f6        0x6 c:/program files/microchip/xc8/v2.31/avr/bin/../lib/gcc/avr/5.4.0/../../../../avr/lib/avr6/memx-const\libm.a(fp_nan.o)
                0x00000000000017f6                __fp_nan

.text           0x00000000000017fc        0x4
 .text          0x00000000000017fc        0x4 C:/Program Files (x86)/Atmel/Studio/7.0/Packs/atmel/ATmega_DFP/1.6.364/xc8/avr/lib/avr6/memx-const/crtatmega2560.o
                0x00000000000017fc                __vector_38
                0x00000000000017fc                __vector_22
                0x00000000000017fc                __vector_28
                0x00000000000017fc                __vector_1
                0x00000000000017fc                __vector_32
                0x00000000000017fc                __vector_34
                0x00000000000017fc                __vector_24
                0x00000000000017fc                __vector_12
                0x00000000000017fc                __vector_55
                0x00000000000017fc                __vector_46
                0x00000000000017fc                __bad_interrupt
                0x00000000000017fc                __vector_6
                0x00000000000017fc                __vector_31
                0x00000000000017fc                __vector_35
                0x00000000000017fc                __vector_39
                0x00000000000017fc                __vector_3
                0x00000000000017fc                __vector_23
                0x00000000000017fc                __vector_30
                0x00000000000017fc                __vector_45
                0x00000000000017fc                __vector_25
                0x00000000000017fc                __vector_11
                0x00000000000017fc                __vector_54
                0x00000000000017fc                __vector_13
                0x00000000000017fc                __vector_17
                0x00000000000017fc                __vector_19
                0x00000000000017fc                __vector_56
                0x00000000000017fc                __vector_7
                0x00000000000017fc                __vector_49
                0x00000000000017fc                __vector_41
                0x00000000000017fc                __vector_43
                0x00000000000017fc                __vector_27
                0x00000000000017fc                __vector_5
                0x00000000000017fc                __vector_33
                0x00000000000017fc                __vector_47
                0x00000000000017fc                __vector_52
                0x00000000000017fc                __vector_37
                0x00000000000017fc                __vector_4
                0x00000000000017fc                __vector_44
                0x00000000000017fc                __vector_51
                0x00000000000017fc                __vector_9
                0x00000000000017fc                __vector_2
                0x00000000000017fc                __vector_21
                0x00000000000017fc                __vector_15
                0x00000000000017fc                __vector_36
                0x00000000000017fc                __vector_40
                0x00000000000017fc                __vector_8
                0x00000000000017fc                __vector_26
                0x00000000000017fc                __vector_48
                0x00000000000017fc                __vector_14
                0x00000000000017fc                __vector_53
                0x00000000000017fc                __vector_10
                0x00000000000017fc                __vector_50
                0x00000000000017fc                __vector_16
                0x00000000000017fc                __vector_20
                0x00000000000017fc                __vector_42

.data._i2c_address
                0x0000000000800290        0x1 load address 0x0000000000001800
 .data._i2c_address
                0x0000000000800290        0x1 ssd1306.o
                0x0000000000800290                _i2c_address
